[6:34:20.404115915] [392221] [1;32m INFO [1;37mCamera [1;34mcamera_manager.cpp:330 [0mlibcamera v0.5.2+99-bfd68f78-dirty (2026-03-11T20:05:51UTC)
Setting pipeline to PAUSED ...
Pipeline is PREROLLING ...
[6:34:20.420571915] [392223] [1;32m INFO [1;37mRPI [1;34mpisp.cpp:720 [0mlibpisp version v1.3.0 9ba67e6680f0 10-02-2026 (12:20:11)
[6:34:20.421738063] [392223] [1;33m WARN [1;37mCameraSensorProperties [1;34mcamera_sensor_properties.cpp:499 [0mNo static properties available for 'imx708_wide_noir'
[6:34:20.421762323] [392223] [1;33m WARN [1;37mCameraSensorProperties [1;34mcamera_sensor_properties.cpp:501 [0mPlease consider updating the camera sensor properties database
[6:34:20.979082304] [392223] [1;32m INFO [1;37mIPAProxy [1;34mipa_proxy.cpp:180 [0mUsing tuning file /usr/share/libcamera/ipa/rpi/pisp/imx708_wide_noir.json
[6:34:20.988754730] [392223] [1;33m WARN [1;37mCameraSensor [1;34mcamera_sensor_legacy.cpp:501 [0;32m'imx708_wide_noir': [0mNo sensor delays found in static properties. Assuming unverified defaults.
[6:34:20.989323081] [392223] [1;32m INFO [1;37mCamera [1;34mcamera_manager.cpp:220 [0mAdding camera '/base/axi/pcie@1000120000/rp1/i2c@88000/imx708@1a' for pipeline handler rpi/pisp
[6:34:20.989349193] [392223] [1;32m INFO [1;37mRPI [1;34mpisp.cpp:1179 [0mRegistered camera /base/axi/pcie@1000120000/rp1/i2c@88000/imx708@1a to CFE device /dev/media0 and ISP device /dev/media1 using PiSP variant BCM2712_D0
Mode selection for 640:640:12:P
    SRGGB10_CSI2P,1536x864/0 - Score: 1571.67
    SRGGB10_CSI2P,2304x1296/0 - Score: 1871.67
    SRGGB10_CSI2P,4608x2592/0 - Score: 2771.67
Stream configuration adjusted
[6:34:20.990837359] [392221] [1;32m INFO [1;37mCamera [1;34mcamera.cpp:1215 [0mconfiguring streams: (0) 640x640-YUV420/sYCC (1) 1536x864-RGGB_PISP_COMP1/RAW
[6:34:20.990945156] [392223] [1;32m INFO [1;37mRPI [1;34mpisp.cpp:1483 [0mSensor: /base/axi/pcie@1000120000/rp1/i2c@88000/imx708@1a - Selected sensor format: 1536x864-SRGGB10_1X10/RAW - Selected CFE format: 1536x864-PC1R/RAW
[HailoRT] [warning] HEF was compiled for Hailo8L device, while the device itself is Hailo8. This will result in lower performance.
[HailoRT] [warning] HEF was compiled for Hailo8L device, while the device itself is Hailo8. This will result in lower performance.
Pipeline is PREROLLED ...
Setting pipeline to PLAYING ...
New clock: GstSystemClock
Redistribute latency...
---Initializing Camera Process---
---Initializing Display Process---
Using Raspberry Pi camera
Lane HEF: /root/new_perception/trained_models/yolov8s_40e.hef
TSR HEF:  /root/tsr/models/yolov8s.hef
frame=30 lane=0.72 det=stop_sign 0.63 box=(352,71,111,109)
frame=60 lane=0.72 det=stop_sign 0.63 box=(353,71,110,109)
frame=90 lane=0.72 det=stop_sign 0.63 box=(352,72,111,107)
frame=120 lane=0.72 det=stop_sign 0.63 box=(352,71,110,109)
frame=150 lane=0.72 det=stop_sign 0.63 box=(352,72,110,107)
frame=180 lane=0.72 det=stop_sign 0.63 box=(352,72,111,108)
frame=210 lane=0.72 det=stop_sign 0.63 box=(352,72,110,107)
frame=240 lane=0.72 det=stop_sign 0.63 box=(353,72,110,108)
frame=270 lane=0.72 det=stop_sign 0.63 box=(353,72,110,108)
frame=300 lane=0.71 det=stop_sign 0.63 box=(352,71,111,109)
frame=330 lane=0.72 det=stop_sign 0.63 box=(353,71,110,108)
frame=360 lane=0.71 det=stop_sign 0.63 box=(353,71,111,108)
frame=390 lane=0.72 det=stop_sign 0.63 box=(352,71,111,108)
frame=420 lane=0.72 det=stop_sign 0.63 box=(352,70,112,109)
frame=450 lane=0.72 det=stop_sign 0.63 box=(352,70,111,109)
frame=480 lane=0.71 det=stop_sign 0.63 box=(353,71,111,108)
frame=510 lane=0.71 det=stop_sign 0.63 box=(352,70,112,109)
frame=540 lane=0.72 det=stop_sign 0.63 box=(352,71,112,109)
frame=570 lane=0.72 det=stop_sign 0.54 box=(353,70,113,109)
frame=600 lane=0.72 det=stop_sign 0.63 box=(352,70,113,109)
frame=630 lane=0.72 det=stop_sign 0.63 box=(352,70,114,110)
frame=660 lane=0.72 det=stop_sign 0.63 box=(353,70,113,110)
frame=690 lane=0.72 det=stop_sign 0.63 box=(353,70,113,110)
frame=720 lane=0.72 det=stop_sign 0.59 box=(352,70,113,110)
frame=750 lane=0.72 det=stop_sign 0.63 box=(352,71,113,108)
frame=780 lane=0.72 det=stop_sign 0.63 box=(352,71,113,109)
frame=810 lane=0.72 det=stop_sign 0.63 box=(352,70,113,110)
frame=840 lane=0.72 det=stop_sign 0.63 box=(353,71,112,109)
frame=870 lane=0.72 det=stop_sign 0.63 box=(353,71,110,109)
frame=900 lane=0.72 det=stop_sign 0.63 box=(353,70,112,109)
frame=930 lane=0.72 det=stop_sign 0.63 box=(353,71,112,108)
frame=960 lane=0.72 det=stop_sign 0.63 box=(354,71,110,108)
frame=990 lane=0.72 det=stop_sign 0.63 box=(353,70,113,109)
frame=1020 lane=0.72 det=stop_sign 0.54 box=(353,70,112,110)
frame=1050 lane=0.72 det=stop_sign 0.63 box=(353,70,112,109)
frame=1080 lane=0.72 det=stop_sign 0.63 box=(353,70,112,110)
frame=1110 lane=0.72 det=stop_sign 0.59 box=(353,71,112,108)
frame=1140 lane=0.72 det=stop_sign 0.63 box=(353,71,112,109)
frame=1170 lane=0.72 det=stop_sign 0.63 box=(353,70,112,110)
frame=1200 lane=0.72 det=stop_sign 0.63 box=(354,70,110,109)
frame=1230 lane=0.71 det=stop_sign 0.63 box=(353,70,112,109)
frame=1260 lane=0.72 det=none
frame=1290 lane=0.72 det=stop_sign 0.63 box=(353,71,110,108)
frame=1320 lane=0.72 det=stop_sign 0.63 box=(353,71,111,109)
frame=1350 lane=0.72 det=stop_sign 0.63 box=(354,72,110,107)
frame=1380 lane=0.72 det=stop_sign 0.63 box=(353,71,112,109)
frame=1410 lane=0.71 det=none
frame=1440 lane=0.70 det=stop_sign 0.63 box=(421,156,96,93)
frame=1470 lane=0.70 det=none
frame=1500 lane=0.66 det=none
frame=1530 lane=0.69 det=none
frame=1560 lane=0.72 det=none
frame=1590 lane=0.72 det=none
frame=1620 lane=0.72 det=danger_sign 0.59 box=(603,58,37,63)
frame=1650 lane=0.72 det=danger_sign 0.59 box=(598,59,41,61)
frame=1680 lane=0.72 det=none
frame=1710 lane=0.72 det=danger_sign 0.50 box=(537,74,51,51)
frame=1740 lane=0.72 det=danger_sign 0.54 box=(520,76,52,49)
frame=1770 lane=0.72 det=danger_sign 0.63 box=(511,75,51,50)
frame=1800 lane=0.72 det=none
frame=1830 lane=0.72 det=none
frame=1860 lane=0.72 det=none
frame=1890 lane=0.72 det=none
frame=1920 lane=0.72 det=none
frame=1950 lane=0.72 det=none
frame=1980 lane=0.72 det=none
frame=2010 lane=0.72 det=danger_sign 0.36 box=(555,69,57,61)
frame=2040 lane=0.72 det=none
frame=2070 lane=0.72 det=stop_sign 0.54 box=(434,104,46,41)
frame=2100 lane=0.72 det=stop_sign 0.63 box=(438,104,49,44)
frame=2130 lane=0.72 det=stop_sign 0.37 box=(446,109,52,51)
frame=2160 lane=0.72 det=stop_sign 0.63 box=(442,105,49,46)
frame=2190 lane=0.72 det=stop_sign 0.63 box=(429,108,52,45)
frame=2220 lane=0.72 det=stop_sign 0.63 box=(442,107,54,51)
frame=2250 lane=0.72 det=stop_sign 0.63 box=(442,107,54,51)
frame=2280 lane=0.72 det=stop_sign 0.63 box=(442,107,54,51)
frame=2310 lane=0.72 det=stop_sign 0.63 box=(442,107,54,51)
frame=2340 lane=0.72 det=stop_sign 0.63 box=(442,107,54,51)
frame=2370 lane=0.72 det=stop_sign 0.63 box=(442,107,54,51)
frame=2400 lane=0.72 det=stop_sign 0.63 box=(470,90,66,61)
frame=2430 lane=0.71 det=stop_sign 0.63 box=(558,47,82,112)
frame=2460 lane=0.72 det=stop_sign 0.63 box=(471,99,56,55)
frame=2490 lane=0.72 det=stop_sign 0.63 box=(472,99,55,54)
frame=2520 lane=0.72 det=stop_sign 0.63 box=(473,98,55,55)
frame=2550 lane=0.72 det=stop_sign 0.63 box=(472,98,56,55)
frame=2580 lane=0.72 det=stop_sign 0.63 box=(473,98,55,55)
frame=2610 lane=0.72 det=stop_sign 0.63 box=(473,98,54,56)
frame=2640 lane=0.72 det=80_sign 0.63 box=(433,119,43,41)
frame=2670 lane=0.72 det=80_sign 0.63 box=(433,119,43,41)
frame=2700 lane=0.72 det=80_sign 0.63 box=(454,118,50,45)
frame=2730 lane=0.72 det=80_sign 0.63 box=(414,117,58,56)
frame=2760 lane=0.72 det=none
frame=2790 lane=0.72 det=80_sign 0.63 box=(497,99,66,66)
frame=2820 lane=0.71 det=80_sign 0.63 box=(394,102,58,63)
frame=2850 lane=0.71 det=80_sign 0.63 box=(402,102,60,63)
frame=2880 lane=0.71 det=80_sign 0.63 box=(402,102,60,63)
frame=2910 lane=0.72 det=stop_sign 0.63 box=(544,54,96,104)
frame=2940 lane=0.71 det=stop_sign 0.46 box=(466,58,85,98)
frame=2970 lane=0.72 det=80_sign 0.63 box=(504,99,62,62)
frame=3000 lane=0.71 det=80_sign 0.63 box=(335,122,56,49)
frame=3030 lane=0.72 det=80_sign 0.63 box=(449,122,46,46)
frame=3060 lane=0.72 det=80_sign 0.63 box=(485,116,53,51)
frame=3090 lane=0.71 det=50_sign 0.37 box=(588,82,52,92)
frame=3120 lane=0.71 det=50_sign 0.63 box=(589,83,51,96)
frame=3150 lane=0.71 det=80_sign 0.63 box=(515,93,70,70)
frame=3180 lane=0.72 det=80_sign 0.63 box=(476,109,54,57)
frame=3210 lane=0.71 det=none
frame=3240 lane=0.71 det=80_sign 0.63 box=(556,105,62,58)
frame=3270 lane=0.72 det=80_sign 0.63 box=(447,114,54,52)
frame=3300 lane=0.72 det=80_sign 0.63 box=(447,114,55,52)
frame=3330 lane=0.72 det=80_sign 0.63 box=(447,115,54,51)
frame=3360 lane=0.72 det=stop_sign 0.63 box=(510,84,71,72)
frame=3390 lane=0.72 det=stop_sign 0.63 box=(510,84,71,72)
frame=3420 lane=0.72 det=80_sign 0.63 box=(447,114,55,52)
frame=3450 lane=0.72 det=80_sign 0.63 box=(447,114,55,53)
frame=3480 lane=0.72 det=80_sign 0.63 box=(447,114,55,52)
frame=3510 lane=0.72 det=80_sign 0.63 box=(447,114,55,52)
frame=3540 lane=0.72 det=80_sign 0.63 box=(447,114,55,52)
frame=3570 lane=0.72 det=80_sign 0.63 box=(446,114,56,52)
frame=3600 lane=0.72 det=80_sign 0.63 box=(446,114,56,52)
frame=3630 lane=0.72 det=80_sign 0.63 box=(447,114,55,53)
frame=3660 lane=0.72 det=80_sign 0.63 box=(447,114,55,52)
frame=3690 lane=0.72 det=80_sign 0.63 box=(446,114,56,53)
frame=3720 lane=0.72 det=80_sign 0.63 box=(447,114,55,53)
frame=3750 lane=0.72 det=80_sign 0.63 box=(447,114,55,52)
frame=3780 lane=0.72 det=80_sign 0.63 box=(446,114,56,53)
frame=3810 lane=0.72 det=80_sign 0.63 box=(447,114,55,52)
frame=3840 lane=0.72 det=80_sign 0.63 box=(447,114,55,52)
Received signal 13
Received signal 13
Got EOS from element "pipeline0".
Execution ended after 0:06:56.466580992
terminate called after throwing an instance of 'Setting pipeline to NULL ...
std::runtime_error'
  what():  failed to write output bytes
Freeing pipeline ...
