../Drivers/STM32U5xx_HAL_Driver/Inc/stm32u5xx_ll_bus.h:845:22:LL_AHB2_GRP1_EnableClock	24	static
../Drivers/STM32U5xx_HAL_Driver/Inc/stm32u5xx_ll_bus.h:1895:22:LL_APB1_GRP2_EnableClock	24	static
../Core/Src/main.c:86:5:main	8	static
../Core/Src/main.c:148:6:SystemClock_Config	128	static
../Core/Src/main.c:206:13:SystemPower_Config	8	static
../Core/Src/main.c:226:13:MX_ADF1_Init	8	static
../Core/Src/main.c:280:13:MX_I2C1_Init	8	static
../Core/Src/main.c:328:13:MX_I2C2_Init	8	static
../Core/Src/main.c:376:13:MX_ICACHE_Init	8	static
../Core/Src/main.c:408:13:MX_OCTOSPI1_Init	40	static
../Core/Src/main.c:468:13:MX_OCTOSPI2_Init	40	static
../Core/Src/main.c:528:13:MX_SPI2_Init	24	static
../Core/Src/main.c:585:13:MX_UART4_Init	8	static
../Core/Src/main.c:633:13:MX_USART1_UART_Init	8	static
../Core/Src/main.c:681:13:MX_UCPD1_Init	32	static
../Core/Src/main.c:723:13:MX_USB_OTG_FS_PCD_Init	8	static
../Core/Src/main.c:759:13:MX_GPIO_Init	64	static
../Core/Src/main.c:875:6:Battery_Thread_Entry	176	static
../Core/Src/main.c:1109:6:Debug_Print	16	static
../Core/Src/main.c:1113:6:PCA9685_SetServoAngle	40	static
../Core/Src/main.c:1137:6:HAL_TIM_PeriodElapsedCallback	16	static
../Core/Src/main.c:1155:6:Error_Handler	16	static,ignoring_inline_asm
