../Core/Src/mcp2515.c:33:16:MCP2515_SPI_Transfer	40	static,ignoring_inline_asm
../Core/Src/mcp2515.c:64:6:MCP2515_Reset	8	static
../Core/Src/mcp2515.c:76:9:MCP2515_ReadRegister	24	static
../Core/Src/mcp2515.c:93:6:MCP2515_WriteRegister	16	static
../Core/Src/mcp2515.c:107:6:MCP2515_BitModify	16	static
../Core/Src/mcp2515.c:121:19:MCP2515_SetMode	24	static
../Core/Src/mcp2515.c:139:19:MCP2515_Init	16	static
../Core/Src/mcp2515.c:216:19:MCP2515_SendBattery	288	static
../Core/Src/mcp2515.c:332:6:MCP2515_PrintStatus	208	static
../Core/Src/mcp2515.c:352:6:MCP2515_PrintDetailedStatus	240	static
../Core/Src/mcp2515.c:442:6:MCP2515_TestConnection	248	static
../Core/Src/mcp2515.c:512:6:MCP2515_CheckForMessages	184	static
